> Task :gradle-plugin:settings-plugin:checkKotlinGradlePluginConfigurationErrors SKIPPED
> Task :gradle-plugin:shared:checkKotlinGradlePluginConfigurationErrors SKIPPED
> Task :gradle-plugin:shared:compileKotlin UP-TO-DATE
> Task :gradle-plugin:shared:compileJava NO-SOURCE
> Task :gradle-plugin:shared:processResources NO-SOURCE
> Task :gradle-plugin:shared:classes UP-TO-DATE
> Task :gradle-plugin:shared:jar UP-TO-DATE
> Task :gradle-plugin:settings-plugin:compileKotlin UP-TO-DATE
> Task :gradle-plugin:settings-plugin:compileJava NO-SOURCE
> Task :gradle-plugin:settings-plugin:pluginDescriptors UP-TO-DATE
> Task :gradle-plugin:settings-plugin:processResources UP-TO-DATE
> Task :gradle-plugin:settings-plugin:classes UP-TO-DATE
> Task :gradle-plugin:settings-plugin:jar UP-TO-DATE
> Task :gradle-plugin:react-native-gradle-plugin:checkKotlinGradlePluginConfigurationErrors SKIPPED
> Task :gradle-plugin:react-native-gradle-plugin:compileKotlin UP-TO-DATE
> Task :gradle-plugin:react-native-gradle-plugin:compileJava NO-SOURCE
> Task :gradle-plugin:react-native-gradle-plugin:pluginDescriptors UP-TO-DATE
> Task :gradle-plugin:react-native-gradle-plugin:processResources UP-TO-DATE
> Task :gradle-plugin:react-native-gradle-plugin:classes UP-TO-DATE
> Task :gradle-plugin:react-native-gradle-plugin:jar UP-TO-DATE

> Configure project :app
WARNING: The option setting 'android.builtInKotlin=false' is deprecated.
The current default is 'true'.
It will be removed in version 10.0 of the Android Gradle plugin.
WARNING: The option setting 'android.newDsl=false' is deprecated.
The current default is 'true'.
It will be removed in version 10.0 of the Android Gradle plugin.
WARNING: API 'applicationVariants' is obsolete and has been replaced with 'AndroidComponentsExtension'.
It will be removed in version 10.0 of the Android Gradle plugin.
The legacy variant API is disabled by default in AGP 9.0, but can be re-enabled by adding
    android.newDsl=false
to this project's gradle.properties file.
For more information, see http://developer.android.com/build/r/new-dsl.

To determine what is calling applicationVariants, use -Pandroid.debug.obsoleteApi=true on the command line to display more information.
WARNING: API 'testVariants' is obsolete and has been replaced with 'AndroidComponentsExtension'.
It will be removed in version 10.0 of the Android Gradle plugin.
The legacy variant API is disabled by default in AGP 9.0, but can be re-enabled by adding
    android.newDsl=false
to this project's gradle.properties file.
For more information, see http://developer.android.com/build/r/new-dsl.

To determine what is calling testVariants, use -Pandroid.debug.obsoleteApi=true on the command line to display more information.
WARNING: API 'unitTestVariants' is obsolete and has been replaced with 'AndroidComponentsExtension'.
It will be removed in version 10.0 of the Android Gradle plugin.
The legacy variant API is disabled by default in AGP 9.0, but can be re-enabled by adding
    android.newDsl=false
to this project's gradle.properties file.
For more information, see http://developer.android.com/build/r/new-dsl.

To determine what is calling unitTestVariants, use -Pandroid.debug.obsoleteApi=true on the command line to display more information.

> Configure project :op-engineering_op-sqlite
WARNING: API 'libraryVariants' is obsolete and has been replaced with 'AndroidComponentsExtension'.
It will be removed in version 10.0 of the Android Gradle plugin.
The legacy variant API is disabled by default in AGP 9.0, but can be re-enabled by adding
    android.newDsl=false
to this project's gradle.properties file.
For more information, see http://developer.android.com/build/r/new-dsl.

To determine what is calling libraryVariants, use -Pandroid.debug.obsoleteApi=true on the command line to display more information.

> Task :app:generateAutolinkingNewArchitectureFiles UP-TO-DATE
> Task :app:generateAutolinkingPackageList UP-TO-DATE
> Task :app:generateCodegenSchemaFromJavaScript SKIPPED
> Task :app:generateCodegenArtifactsFromSchema SKIPPED
> Task :app:generateReactNativeEntryPoint UP-TO-DATE
> Task :op-engineering_op-sqlite:generateCodegenSchemaFromJavaScript UP-TO-DATE
> Task :op-engineering_op-sqlite:generateCodegenArtifactsFromSchema UP-TO-DATE
> Task :op-engineering_op-sqlite:prepareHeaders UP-TO-DATE
> Task :op-engineering_op-sqlite:preBuild UP-TO-DATE
> Task :react-native-get-random-values:generateCodegenSchemaFromJavaScript UP-TO-DATE
> Task :react-native-get-random-values:generateCodegenArtifactsFromSchema UP-TO-DATE
> Task :react-native-get-random-values:preBuild UP-TO-DATE
> Task :react-native-haptic-feedback:generateCodegenSchemaFromJavaScript UP-TO-DATE
> Task :react-native-haptic-feedback:generateCodegenArtifactsFromSchema UP-TO-DATE
> Task :react-native-haptic-feedback:preBuild UP-TO-DATE
> Task :react-native-safe-area-context:generateCodegenSchemaFromJavaScript UP-TO-DATE
> Task :react-native-safe-area-context:generateCodegenArtifactsFromSchema UP-TO-DATE
> Task :react-native-safe-area-context:preBuild UP-TO-DATE
> Task :react-native-screens:generateCodegenSchemaFromJavaScript UP-TO-DATE
> Task :react-native-screens:generateCodegenArtifactsFromSchema UP-TO-DATE
> Task :react-native-screens:preBuild UP-TO-DATE
> Task :app:preBuild UP-TO-DATE
> Task :app:preReleaseBuild UP-TO-DATE
> Task :op-engineering_op-sqlite:preReleaseBuild UP-TO-DATE
> Task :op-engineering_op-sqlite:configureCMakeRelWithDebInfo[x86_64]
> Task :op-engineering_op-sqlite:generateJsonModelRelease
> Task :op-engineering_op-sqlite:prefabReleaseConfigurePackage UP-TO-DATE
> Task :app:configureCMakeRelWithDebInfo[x86_64]
> Task :op-engineering_op-sqlite:buildCMakeRelWithDebInfo[x86_64]
> Task :op-engineering_op-sqlite:externalNativeBuildRelease
> Task :op-engineering_op-sqlite:prefabReleasePackage UP-TO-DATE
> Task :app:buildCMakeRelWithDebInfo[x86_64]
> Task :app:mergeReleaseJniLibFolders UP-TO-DATE
> Task :op-engineering_op-sqlite:mergeReleaseJniLibFolders UP-TO-DATE
> Task :op-engineering_op-sqlite:mergeReleaseNativeLibs UP-TO-DATE
> Task :op-engineering_op-sqlite:copyReleaseJniLibsProjectOnly UP-TO-DATE
> Task :react-native-get-random-values:preReleaseBuild UP-TO-DATE
> Task :react-native-get-random-values:mergeReleaseJniLibFolders UP-TO-DATE
> Task :react-native-get-random-values:mergeReleaseNativeLibs NO-SOURCE
> Task :react-native-get-random-values:copyReleaseJniLibsProjectOnly UP-TO-DATE
> Task :react-native-haptic-feedback:preReleaseBuild UP-TO-DATE
> Task :react-native-haptic-feedback:mergeReleaseJniLibFolders UP-TO-DATE
> Task :react-native-haptic-feedback:mergeReleaseNativeLibs NO-SOURCE
> Task :react-native-haptic-feedback:copyReleaseJniLibsProjectOnly UP-TO-DATE
> Task :react-native-safe-area-context:preReleaseBuild UP-TO-DATE
> Task :react-native-safe-area-context:mergeReleaseJniLibFolders UP-TO-DATE
> Task :react-native-safe-area-context:mergeReleaseNativeLibs NO-SOURCE
> Task :react-native-safe-area-context:copyReleaseJniLibsProjectOnly UP-TO-DATE
> Task :react-native-screens:preReleaseBuild UP-TO-DATE
> Task :react-native-screens:configureCMakeRelWithDebInfo[x86_64]
> Task :react-native-screens:buildCMakeRelWithDebInfo[x86_64]
> Task :react-native-screens:mergeReleaseJniLibFolders UP-TO-DATE
> Task :react-native-screens:mergeReleaseNativeLibs UP-TO-DATE
> Task :react-native-screens:copyReleaseJniLibsProjectOnly UP-TO-DATE
> Task :app:mergeReleaseNativeLibs UP-TO-DATE
> Task :app:stripReleaseDebugSymbols UP-TO-DATE
> Task :op-engineering_op-sqlite:checkKotlinGradlePluginConfigurationErrors SKIPPED
> Task :op-engineering_op-sqlite:generateReleaseBuildConfig UP-TO-DATE
> Task :op-engineering_op-sqlite:generateReleaseResources UP-TO-DATE
> Task :op-engineering_op-sqlite:packageReleaseResources UP-TO-DATE
> Task :op-engineering_op-sqlite:processReleaseNavigationResources UP-TO-DATE
> Task :op-engineering_op-sqlite:parseReleaseLocalResources UP-TO-DATE
> Task :op-engineering_op-sqlite:generateReleaseRFile UP-TO-DATE
> Task :op-engineering_op-sqlite:compileReleaseKotlin UP-TO-DATE
> Task :op-engineering_op-sqlite:javaPreCompileRelease UP-TO-DATE
> Task :op-engineering_op-sqlite:compileReleaseJavaWithJavac UP-TO-DATE
> Task :op-engineering_op-sqlite:bundleLibRuntimeToDirRelease UP-TO-DATE
> Task :react-native-safe-area-context:checkKotlinGradlePluginConfigurationErrors SKIPPED
> Task :react-native-safe-area-context:generateReleaseBuildConfig UP-TO-DATE
> Task :react-native-safe-area-context:generateReleaseResources UP-TO-DATE
> Task :react-native-safe-area-context:packageReleaseResources UP-TO-DATE
> Task :react-native-safe-area-context:processReleaseNavigationResources UP-TO-DATE
> Task :react-native-safe-area-context:parseReleaseLocalResources UP-TO-DATE
> Task :react-native-safe-area-context:generateReleaseRFile UP-TO-DATE
> Task :react-native-safe-area-context:compileReleaseKotlin UP-TO-DATE
> Task :react-native-safe-area-context:javaPreCompileRelease UP-TO-DATE
> Task :react-native-safe-area-context:compileReleaseJavaWithJavac UP-TO-DATE
> Task :react-native-safe-area-context:bundleLibRuntimeToDirRelease UP-TO-DATE
> Task :react-native-screens:checkKotlinGradlePluginConfigurationErrors SKIPPED
> Task :react-native-screens:generateReleaseBuildConfig UP-TO-DATE
> Task :react-native-screens:generateReleaseResources UP-TO-DATE
> Task :react-native-screens:packageReleaseResources UP-TO-DATE
> Task :react-native-screens:processReleaseNavigationResources UP-TO-DATE
> Task :react-native-screens:parseReleaseLocalResources UP-TO-DATE
> Task :react-native-screens:generateReleaseRFile UP-TO-DATE
> Task :react-native-screens:compileReleaseKotlin UP-TO-DATE
> Task :react-native-screens:javaPreCompileRelease UP-TO-DATE
> Task :react-native-screens:compileReleaseJavaWithJavac UP-TO-DATE
> Task :react-native-screens:bundleLibRuntimeToDirRelease UP-TO-DATE
> Task :react-native-get-random-values:generateReleaseBuildConfig UP-TO-DATE
> Task :react-native-get-random-values:generateReleaseResources UP-TO-DATE
> Task :react-native-get-random-values:packageReleaseResources UP-TO-DATE
> Task :react-native-get-random-values:processReleaseNavigationResources UP-TO-DATE
> Task :react-native-get-random-values:parseReleaseLocalResources UP-TO-DATE
> Task :react-native-get-random-values:generateReleaseRFile UP-TO-DATE
> Task :react-native-get-random-values:javaPreCompileRelease UP-TO-DATE
> Task :react-native-get-random-values:compileReleaseJavaWithJavac UP-TO-DATE
> Task :react-native-get-random-values:bundleLibRuntimeToDirRelease UP-TO-DATE
> Task :react-native-haptic-feedback:generateReleaseBuildConfig UP-TO-DATE
> Task :react-native-haptic-feedback:generateReleaseResources UP-TO-DATE
> Task :react-native-haptic-feedback:packageReleaseResources UP-TO-DATE
> Task :react-native-haptic-feedback:processReleaseNavigationResources UP-TO-DATE
> Task :react-native-haptic-feedback:parseReleaseLocalResources UP-TO-DATE
> Task :react-native-haptic-feedback:generateReleaseRFile UP-TO-DATE
> Task :react-native-haptic-feedback:javaPreCompileRelease UP-TO-DATE
> Task :app:extractReleaseNativeSymbolTables
> Task :react-native-haptic-feedback:compileReleaseJavaWithJavac UP-TO-DATE
> Task :react-native-haptic-feedback:bundleLibRuntimeToDirRelease UP-TO-DATE
> Task :app:checkReleaseDuplicateClasses UP-TO-DATE
> Task :app:buildKotlinToolingMetadata
> Task :app:checkKotlinGradlePluginConfigurationErrors SKIPPED
> Task :app:generateReleaseBuildConfig
> Task :app:mergeReleaseNativeDebugMetadata

> Task :app:createBundleReleaseJsAndAssets

                        ▒▒▓▓▓▓▒▒
                     ▒▓▓▓▒▒░░▒▒▓▓▓▒
                  ▒▓▓▓▓░░░▒▒▒▒░░░▓▓▓▓▒
                 ▓▓▒▒▒▓▓▓▓▓▓▓▓▓▓▓▓▒▒▒▓▓
                 ▓▓░░░░░▒▓▓▓▓▓▓▒░░░░░▓▓
                 ▓▓░░▓▓▒░░░▒▒░░░▒▓▒░░▓▓
                 ▓▓░░▓▓▓▓▓▒▒▒▒▓▓▓▓▒░░▓▓
                 ▓▓░░▓▓▓▓▓▓▓▓▓▓▓▓▓▒░░▓▓
                 ▓▓▒░░▒▒▓▓▓▓▓▓▓▓▒░░░▒▓▓
                  ▒▓▓▓▒░░░▒▓▓▒░░░▒▓▓▓▒
                     ▒▓▓▓▒░░░░▒▓▓▓▒
                        ▒▒▓▓▓▓▒▒


 WARN  the transform cache was reset.
                Welcome to Metro v0.87.1
              Fast - Scalable - Integrated


transform[stderr]: (node:37484) Warning: The 'NO_COLOR' env is ignored due to the 'FORCE_COLOR' env being set.
transform[stderr]: (Use `node --trace-warnings ...` to show where the warning was created)
transform[stderr]: (node:25024) Warning: The 'NO_COLOR' env is ignored due to the 'FORCE_COLOR' env being set.
transform[stderr]: (Use `node --trace-warnings ...` to show where the warning was created)
transform[stderr]: (node:7496) Warning: The 'NO_COLOR' env is ignored due to the 'FORCE_COLOR' env being set.
transform[stderr]: (Use `node --trace-warnings ...` to show where the warning was created)
transform[stderr]: (node:27712) Warning: The 'NO_COLOR' env is ignored due to the 'FORCE_COLOR' env being set.
transform[stderr]: (Use `node --trace-warnings ...` to show where the warning was created)
transform[stderr]: (node:6312) Warning: The 'NO_COLOR' env is ignored due to the 'FORCE_COLOR' env being set.
transform[stderr]: (Use `node --trace-warnings ...` to show where the warning was created)
transform[stderr]: (node:34152) Warning: The 'NO_COLOR' env is ignored due to the 'FORCE_COLOR' env being set.
transform[stderr]: (Use `node --trace-warnings ...` to show where the warning was created)
transform[stderr]: (node:27192) Warning: The 'NO_COLOR' env is ignored due to the 'FORCE_COLOR' env being set.
transform[stderr]: (Use `node --trace-warnings ...` to show where the warning was created)
transform[stderr]: (node:2268) Warning: The 'NO_COLOR' env is ignored due to the 'FORCE_COLOR' env being set.
transform[stderr]: (Use `node --trace-warnings ...` to show where the warning was created)
transform[stderr]: (node:38820) Warning: The 'NO_COLOR' env is ignored due to the 'FORCE_COLOR' env being set.
transform[stderr]: (Use `node --trace-warnings ...` to show where the warning was created)
transform[stderr]: (node:34188) Warning: The 'NO_COLOR' env is ignored due to the 'FORCE_COLOR' env being set.
transform[stderr]: (Use `node --trace-warnings ...` to show where the warning was created)
transform[stderr]: (node:11276) Warning: The 'NO_COLOR' env is ignored due to the 'FORCE_COLOR' env being set.
transform[stderr]: (Use `node --trace-warnings ...` to show where the warning was created)
 WARN  Attempted to import the module "D:\code\React Native\cash_driver\node_modules\react-native\src\private\featureflags\ReactNativeFeatureFlags" which is not listed in the "exports" of "D:\code\React Native\cash_driver\node_modules\react-native" under the requested subpath "./src/private/featureflags/ReactNativeFeatureFlags". Falling back to file-based resolution. Consider updating the call site or asking the package maintainer(s) to expose this API.
transform[stderr]: (node:34728) Warning: The 'NO_COLOR' env is ignored due to the 'FORCE_COLOR' env being set.
transform[stderr]: (Use `node --trace-warnings ...` to show where the warning was created)
LOG:Writing bundle output to: android\app\build\generated\assets\react\release\index.android.bundle
LOG:Writing sourcemap output to: android\app\build\intermediates\sourcemaps\react\release\index.android.bundle.packager.map
LOG:Done writing bundle output
LOG:Done writing sourcemap output
Copying 19 asset files
Done copying assets

> Task :app:generateReleaseResValues UP-TO-DATE
> Task :app:generateReleaseResources UP-TO-DATE
> Task :app:packageReleaseResources UP-TO-DATE
> Task :app:processReleaseNavigationResources
> Task :app:parseReleaseLocalResources UP-TO-DATE
> Task :app:generateReleaseRFile UP-TO-DATE
> Task :op-engineering_op-sqlite:bundleLibCompileToJarRelease UP-TO-DATE
> Task :react-native-get-random-values:bundleLibCompileToJarRelease UP-TO-DATE
> Task :react-native-haptic-feedback:bundleLibCompileToJarRelease UP-TO-DATE
> Task :react-native-safe-area-context:bundleLibCompileToJarRelease UP-TO-DATE
> Task :react-native-screens:bundleLibCompileToJarRelease UP-TO-DATE
> Task :app:javaPreCompileRelease UP-TO-DATE
> Task :op-engineering_op-sqlite:writeReleaseAarMetadata UP-TO-DATE
> Task :react-native-get-random-values:writeReleaseAarMetadata UP-TO-DATE
> Task :react-native-haptic-feedback:writeReleaseAarMetadata UP-TO-DATE
> Task :react-native-safe-area-context:writeReleaseAarMetadata UP-TO-DATE
> Task :react-native-screens:writeReleaseAarMetadata UP-TO-DATE
> Task :app:checkReleaseAarMetadata UP-TO-DATE
> Task :app:mapReleaseSourceSetPaths UP-TO-DATE
> Task :app:compileReleaseNavigationResources UP-TO-DATE
> Task :app:mergeReleaseResources UP-TO-DATE
> Task :app:createReleaseCompatibleScreenManifests
> Task :app:extractDeepLinksRelease
> Task :op-engineering_op-sqlite:extractDeepLinksRelease UP-TO-DATE
> Task :op-engineering_op-sqlite:processReleaseManifest UP-TO-DATE
> Task :react-native-get-random-values:extractDeepLinksRelease UP-TO-DATE
> Task :react-native-get-random-values:processReleaseManifest UP-TO-DATE
> Task :react-native-haptic-feedback:extractDeepLinksRelease UP-TO-DATE
> Task :react-native-haptic-feedback:processReleaseManifest UP-TO-DATE
> Task :react-native-safe-area-context:extractDeepLinksRelease UP-TO-DATE
> Task :react-native-safe-area-context:processReleaseManifest UP-TO-DATE
> Task :react-native-screens:extractDeepLinksRelease UP-TO-DATE
> Task :react-native-screens:processReleaseManifest UP-TO-DATE
> Task :app:processReleaseMainManifest
> Task :app:processReleaseManifest
> Task :op-engineering_op-sqlite:mapReleaseSourceSetPaths UP-TO-DATE
> Task :op-engineering_op-sqlite:compileReleaseLibraryResources UP-TO-DATE
> Task :react-native-get-random-values:mapReleaseSourceSetPaths UP-TO-DATE
> Task :react-native-get-random-values:compileReleaseLibraryResources UP-TO-DATE
> Task :react-native-haptic-feedback:mapReleaseSourceSetPaths UP-TO-DATE
> Task :react-native-haptic-feedback:compileReleaseLibraryResources UP-TO-DATE
> Task :react-native-safe-area-context:mapReleaseSourceSetPaths UP-TO-DATE
> Task :react-native-safe-area-context:compileReleaseLibraryResources UP-TO-DATE
> Task :react-native-screens:mapReleaseSourceSetPaths UP-TO-DATE
> Task :react-native-screens:compileReleaseLibraryResources UP-TO-DATE
> Task :app:desugarReleaseFileDependencies
> Task :app:mergeReleaseStartupProfile UP-TO-DATE
> Task :op-engineering_op-sqlite:prepareReleaseArtProfile UP-TO-DATE
> Task :react-native-get-random-values:prepareReleaseArtProfile UP-TO-DATE
> Task :react-native-haptic-feedback:prepareReleaseArtProfile UP-TO-DATE
> Task :react-native-safe-area-context:prepareReleaseArtProfile UP-TO-DATE
> Task :react-native-screens:prepareReleaseArtProfile UP-TO-DATE
> Task :app:processReleaseManifestForPackage
> Task :app:mergeReleaseArtProfile
> Task :react-native-safe-area-context:bundleLibRuntimeToJarRelease
> Task :op-engineering_op-sqlite:bundleLibRuntimeToJarRelease
> Task :app:generateReleaseAssets UP-TO-DATE
> Task :op-engineering_op-sqlite:generateReleaseAssets UP-TO-DATE
> Task :op-engineering_op-sqlite:mergeReleaseAssets UP-TO-DATE
> Task :react-native-get-random-values:generateReleaseAssets UP-TO-DATE
> Task :react-native-get-random-values:mergeReleaseAssets UP-TO-DATE
> Task :react-native-haptic-feedback:generateReleaseAssets UP-TO-DATE
> Task :react-native-haptic-feedback:mergeReleaseAssets UP-TO-DATE
> Task :react-native-safe-area-context:generateReleaseAssets UP-TO-DATE
> Task :react-native-safe-area-context:mergeReleaseAssets UP-TO-DATE
> Task :react-native-screens:generateReleaseAssets UP-TO-DATE
> Task :react-native-screens:mergeReleaseAssets UP-TO-DATE
> Task :react-native-get-random-values:bundleLibRuntimeToJarRelease
> Task :react-native-haptic-feedback:bundleLibRuntimeToJarRelease
> Task :app:mergeReleaseAssets
> Task :app:compressReleaseAssets
> Task :app:extractReleaseVersionControlInfo
> Task :app:extractProguardFiles
> Task :op-engineering_op-sqlite:processReleaseJavaRes UP-TO-DATE
> Task :op-engineering_op-sqlite:createFullJarRelease
> Task :op-engineering_op-sqlite:extractProguardFiles
> Task :react-native-screens:bundleLibRuntimeToJarRelease
> Task :op-engineering_op-sqlite:generateReleaseLintModel
> Task :op-engineering_op-sqlite:prepareLintJarForPublish UP-TO-DATE
> Task :react-native-get-random-values:processReleaseJavaRes NO-SOURCE
> Task :react-native-get-random-values:createFullJarRelease
> Task :react-native-get-random-values:extractProguardFiles
> Task :react-native-get-random-values:generateReleaseLintModel
> Task :react-native-get-random-values:prepareLintJarForPublish UP-TO-DATE
> Task :react-native-haptic-feedback:processReleaseJavaRes NO-SOURCE
> Task :react-native-haptic-feedback:createFullJarRelease
> Task :react-native-haptic-feedback:extractProguardFiles
> Task :react-native-haptic-feedback:generateReleaseLintModel
> Task :react-native-haptic-feedback:prepareLintJarForPublish UP-TO-DATE
> Task :react-native-safe-area-context:processReleaseJavaRes UP-TO-DATE
> Task :react-native-safe-area-context:createFullJarRelease
> Task :react-native-safe-area-context:extractProguardFiles

> Task :app:compileReleaseKotlin
w: file:///D:/code/React%20Native/cash_driver/android/app/src/main/java/com/tempapp/AppVersionPackage.kt:18:16 This declaration overrides a deprecated member but is not marked as deprecated itself. Add the '@Deprecated' annotation or suppress the diagnostic.
w: file:///D:/code/React%20Native/cash_driver/android/app/src/main/java/com/tempapp/AppVersionPackage.kt:18:36 The corresponding parameter in the supertype 'ReactPackage' is named 'reactContext'. This may cause problems when calling this function with named arguments.
w: file:///D:/code/React%20Native/cash_driver/android/app/src/main/java/com/tempapp/AppVersionPackage.kt:19:35 The corresponding parameter in the supertype 'ReactPackage' is named 'reactContext'. This may cause problems when calling this function with named arguments.
w: file:///D:/code/React%20Native/cash_driver/android/app/src/main/java/com/tempapp/MainActivity.kt:29:7 'constructor(activity: ReactActivity, mainComponentName: String, fabricEnabled: Boolean): DefaultReactActivityDelegate' is deprecated. Creating DefaultReactActivityDelegate with flags is deprecated.
w: file:///D:/code/React%20Native/cash_driver/android/app/src/main/java/com/tempapp/SystemBarsModule.kt:20:16 'var navigationBarColor: Int' is deprecated. Deprecated in Java.

> Task :react-native-safe-area-context:generateReleaseLintModel
> Task :app:processReleaseResources
> Task :app:compileReleaseJavaWithJavac
> Task :app:dexBuilderRelease
> Task :react-native-safe-area-context:prepareLintJarForPublish UP-TO-DATE
> Task :react-native-screens:processReleaseJavaRes UP-TO-DATE
> Task :app:mergeReleaseGlobalSynthetics
> Task :react-native-screens:createFullJarRelease
> Task :react-native-screens:extractProguardFiles
> Task :react-native-screens:generateReleaseLintModel
> Task :react-native-screens:prepareLintJarForPublish UP-TO-DATE
> Task :app:generateReleaseLintVitalReportModel
> Task :op-engineering_op-sqlite:extractDeepLinksForAarRelease UP-TO-DATE
> Task :op-engineering_op-sqlite:checkReleaseAarMetadata
> Task :op-engineering_op-sqlite:stripReleaseDebugSymbols
> Task :op-engineering_op-sqlite:extractReleaseAnnotations
> Task :op-engineering_op-sqlite:mergeReleaseGeneratedProguardFiles UP-TO-DATE
> Task :op-engineering_op-sqlite:mergeReleaseConsumerProguardFiles UP-TO-DATE
> Task :op-engineering_op-sqlite:copyReleaseJniLibsProjectAndLocalJars
> Task :op-engineering_op-sqlite:mergeReleaseJavaResource
> Task :react-native-safe-area-context:checkReleaseAarMetadata
> Task :op-engineering_op-sqlite:syncReleaseLibJars
> Task :op-engineering_op-sqlite:bundleReleaseLocalLintAar
> Task :react-native-safe-area-context:stripReleaseDebugSymbols NO-SOURCE
> Task :react-native-safe-area-context:copyReleaseJniLibsProjectAndLocalJars
> Task :react-native-safe-area-context:extractDeepLinksForAarRelease UP-TO-DATE
> Task :react-native-safe-area-context:extractReleaseAnnotations
> Task :react-native-safe-area-context:mergeReleaseGeneratedProguardFiles UP-TO-DATE
> Task :react-native-safe-area-context:mergeReleaseConsumerProguardFiles UP-TO-DATE
> Task :react-native-safe-area-context:mergeReleaseJavaResource
> Task :react-native-screens:checkReleaseAarMetadata
> Task :react-native-screens:stripReleaseDebugSymbols
> Task :react-native-safe-area-context:syncReleaseLibJars
> Task :react-native-safe-area-context:bundleReleaseLocalLintAar
> Task :react-native-screens:extractDeepLinksForAarRelease UP-TO-DATE
> Task :react-native-screens:copyReleaseJniLibsProjectAndLocalJars
> Task :react-native-screens:extractReleaseAnnotations
> Task :react-native-screens:mergeReleaseGeneratedProguardFiles UP-TO-DATE
> Task :react-native-screens:mergeReleaseConsumerProguardFiles UP-TO-DATE
> Task :react-native-screens:mergeReleaseJavaResource
> Task :react-native-get-random-values:checkReleaseAarMetadata
> Task :app:mergeExtDexRelease
> Task :react-native-screens:syncReleaseLibJars
> Task :react-native-screens:bundleReleaseLocalLintAar
> Task :react-native-get-random-values:stripReleaseDebugSymbols NO-SOURCE
> Task :react-native-get-random-values:copyReleaseJniLibsProjectAndLocalJars
> Task :react-native-get-random-values:extractDeepLinksForAarRelease UP-TO-DATE
> Task :react-native-get-random-values:extractReleaseAnnotations
> Task :react-native-get-random-values:mergeReleaseGeneratedProguardFiles UP-TO-DATE
> Task :react-native-get-random-values:mergeReleaseConsumerProguardFiles UP-TO-DATE
> Task :react-native-get-random-values:mergeReleaseJavaResource
> Task :react-native-haptic-feedback:checkReleaseAarMetadata
> Task :react-native-get-random-values:syncReleaseLibJars
> Task :react-native-get-random-values:bundleReleaseLocalLintAar
> Task :react-native-haptic-feedback:stripReleaseDebugSymbols NO-SOURCE
> Task :react-native-haptic-feedback:copyReleaseJniLibsProjectAndLocalJars
> Task :react-native-haptic-feedback:extractDeepLinksForAarRelease UP-TO-DATE
> Task :react-native-haptic-feedback:extractReleaseAnnotations
> Task :react-native-haptic-feedback:mergeReleaseGeneratedProguardFiles UP-TO-DATE
> Task :react-native-haptic-feedback:mergeReleaseConsumerProguardFiles UP-TO-DATE
> Task :react-native-haptic-feedback:mergeReleaseJavaResource
> Task :react-native-haptic-feedback:syncReleaseLibJars
> Task :react-native-haptic-feedback:bundleReleaseLocalLintAar
> Task :op-engineering_op-sqlite:writeReleaseLintModelMetadata
> Task :react-native-get-random-values:writeReleaseLintModelMetadata
> Task :react-native-haptic-feedback:writeReleaseLintModelMetadata
> Task :react-native-safe-area-context:writeReleaseLintModelMetadata
> Task :react-native-screens:writeReleaseLintModelMetadata
> Task :op-engineering_op-sqlite:generateReleaseLintVitalModel
> Task :react-native-get-random-values:generateReleaseLintVitalModel
> Task :react-native-haptic-feedback:generateReleaseLintVitalModel
> Task :react-native-safe-area-context:generateReleaseLintVitalModel
> Task :react-native-screens:generateReleaseLintVitalModel
> Task :app:processReleaseJavaRes
> Task :app:mergeReleaseJavaResource
> Task :app:collectReleaseDependencies
> Task :app:sdkReleaseDependencyData
> Task :app:validateSigningRelease UP-TO-DATE
> Task :app:writeReleaseAppMetadata UP-TO-DATE
> Task :app:writeReleaseSigningConfigVersions UP-TO-DATE
> Task :app:optimizeReleaseResources
> Task :app:mergeDexRelease
> Task :app:compileReleaseArtProfile
> Task :react-native-haptic-feedback:lintVitalAnalyzeRelease
> Task :react-native-get-random-values:lintVitalAnalyzeRelease
> Task :op-engineering_op-sqlite:lintVitalAnalyzeRelease
> Task :react-native-safe-area-context:lintVitalAnalyzeRelease
> Task :react-native-screens:lintVitalAnalyzeRelease
> Task :app:lintVitalAnalyzeRelease
> Task :app:lintVitalReportRelease
> Task :app:lintVitalRelease
> Task :app:packageRelease
> Task :app:createReleaseApkListingFileRedirect
> Task :app:assembleRelease

[Incubating] Problems report is available at: file:///D:/code/React%20Native/cash_driver/android/build/reports/problems/problems-report.html

Deprecated Gradle features were used in this build, making it incompatible with Gradle 10.

You can use '--warning-mode all' to show the individual deprecation warnings and determine if they come from your own scripts or plugins.

For more on this, please refer to https://docs.gradle.org/9.4.1/userguide/command_line_interface.html#sec:command_line_warnings in the Gradle documentation.

BUILD SUCCESSFUL in 42s
277 actionable tasks: 110 executed, 167 up-to-date
Consider enabling configuration cache to speed up this build: https://docs.gradle.org/9.4.1/userguide/configuration_cache_enabling.html
